// Jest Snapshot v1, https://goo.gl/fbAQLP

exports[`AddPost component renders the given component 1`] = `
<ContextConsumer>
  <Component />
</ContextConsumer>
`;
