// Jest Snapshot v1, https://goo.gl/fbAQLP

exports[`EditProfileForm component renders the component's given props 1`] = `
<section>
  <button
    onClick={[Function]}
    type="button"
  >
    Edit Profile
  </button>
</section>
`;

exports[`EditProfileForm component renders the given component 1`] = `
<section>
  <button
    onClick={[Function]}
    type="button"
  >
    Edit Profile
  </button>
</section>
`;
